[2.801s] DEBUG:colcon:Command line arguments: ['/usr/bin/colcon', 'build', '--symlink-install', '--event-handlers', 'console_cohesion+', '--base-paths', '/home/dsandeshh/clearpath_nav2_demos/src/clearpath_nav2_demos', '--cmake-args', '-DCMAKE_BUILD_TYPE=Debug']
[2.814s] DEBUG:colcon:Parsed command line arguments: Namespace(log_base=None, log_level=None, verb_name='build', build_base='build', install_base='install', merge_install=False, symlink_install=True, test_result_base=None, continue_on_error=False, executor='parallel', parallel_workers=8, event_handlers=['console_cohesion+'], ignore_user_meta=False, metas=['./colcon.meta'], base_paths=['/home/dsandeshh/clearpath_nav2_demos/src/clearpath_nav2_demos'], packages_ignore=None, packages_ignore_regex=None, paths=None, packages_up_to=None, packages_up_to_regex=None, packages_above=None, packages_above_and_dependencies=None, packages_above_depth=None, packages_select_by_dep=None, packages_skip_by_dep=None, packages_skip_up_to=None, packages_select_build_failed=False, packages_skip_build_finished=False, packages_select_test_failures=False, packages_skip_test_passed=False, packages_select=None, packages_skip=None, packages_select_regex=None, packages_skip_regex=None, packages_start=None, packages_end=None, allow_overriding=[], cmake_args=['-DCMAKE_BUILD_TYPE=Debug'], cmake_target=None, cmake_target_skip_unavailable=False, cmake_clean_cache=False, cmake_clean_first=False, cmake_force_configure=False, ament_cmake_args=None, catkin_cmake_args=None, catkin_skip_building_tests=False, mixin_files=None, mixin=None, verb_parser=<colcon_mixin.mixin.mixin_argument.MixinArgumentDecorator object at 0x722fc4c93170>, verb_extension=<colcon_core.verb.build.BuildVerb object at 0x722fc4c92e40>, main=<bound method BuildVerb.main of <colcon_core.verb.build.BuildVerb object at 0x722fc4c92e40>>, mixin_verb=('build',))
[4.439s] Level 1:colcon.colcon_core.package_discovery:discover_packages(colcon_meta) check parameters
[4.439s] Level 1:colcon.colcon_core.package_discovery:discover_packages(recursive) check parameters
[4.439s] Level 1:colcon.colcon_core.package_discovery:discover_packages(ignore) check parameters
[4.439s] Level 1:colcon.colcon_core.package_discovery:discover_packages(path) check parameters
[4.439s] Level 1:colcon.colcon_core.package_discovery:discover_packages(recursive) discover
[4.439s] INFO:colcon.colcon_core.package_discovery:Crawling recursively for packages in '/home/dsandeshh/clearpath_nav2_demos/src/clearpath_nav2_demos'
[4.439s] Level 1:colcon.colcon_core.package_identification:_identify(/home/dsandeshh/clearpath_nav2_demos/src/clearpath_nav2_demos) by extensions ['ignore', 'ignore_ament_install']
[4.440s] Level 1:colcon.colcon_core.package_identification:_identify(/home/dsandeshh/clearpath_nav2_demos/src/clearpath_nav2_demos) by extension 'ignore'
[4.440s] Level 1:colcon.colcon_core.package_identification:_identify(/home/dsandeshh/clearpath_nav2_demos/src/clearpath_nav2_demos) by extension 'ignore_ament_install'
[4.440s] Level 1:colcon.colcon_core.package_identification:_identify(/home/dsandeshh/clearpath_nav2_demos/src/clearpath_nav2_demos) by extensions ['colcon_pkg']
[4.440s] Level 1:colcon.colcon_core.package_identification:_identify(/home/dsandeshh/clearpath_nav2_demos/src/clearpath_nav2_demos) by extension 'colcon_pkg'
[4.440s] Level 1:colcon.colcon_core.package_identification:_identify(/home/dsandeshh/clearpath_nav2_demos/src/clearpath_nav2_demos) by extensions ['colcon_meta']
[4.440s] Level 1:colcon.colcon_core.package_identification:_identify(/home/dsandeshh/clearpath_nav2_demos/src/clearpath_nav2_demos) by extension 'colcon_meta'
[4.440s] Level 1:colcon.colcon_core.package_identification:_identify(/home/dsandeshh/clearpath_nav2_demos/src/clearpath_nav2_demos) by extensions ['ros']
[4.440s] Level 1:colcon.colcon_core.package_identification:_identify(/home/dsandeshh/clearpath_nav2_demos/src/clearpath_nav2_demos) by extension 'ros'
[4.974s] DEBUG:colcon.colcon_core.package_identification:Package '/home/dsandeshh/clearpath_nav2_demos/src/clearpath_nav2_demos' with type 'ros.ament_cmake' and name 'clearpath_nav2_demos'
[4.974s] Level 1:colcon.colcon_core.package_discovery:discover_packages(recursive) using defaults
[5.114s] Level 1:colcon.colcon_core.package_discovery:discover_packages(prefix_path) check parameters
[5.114s] Level 1:colcon.colcon_core.package_discovery:discover_packages(prefix_path) discover
[5.199s] DEBUG:colcon.colcon_installed_package_information.package_discovery:Found 1 installed packages in /home/dsandeshh/clearpath_nav2_demos/install
[5.202s] DEBUG:colcon.colcon_installed_package_information.package_discovery:Found 534 installed packages in /opt/ros/jazzy
[5.205s] Level 1:colcon.colcon_core.package_discovery:discover_packages(prefix_path) using defaults
[6.011s] Level 5:colcon.colcon_core.verb:set package 'clearpath_nav2_demos' build argument 'cmake_args' from command line to '['-DCMAKE_BUILD_TYPE=Debug']'
[6.011s] Level 5:colcon.colcon_core.verb:set package 'clearpath_nav2_demos' build argument 'cmake_target' from command line to 'None'
[6.011s] Level 5:colcon.colcon_core.verb:set package 'clearpath_nav2_demos' build argument 'cmake_target_skip_unavailable' from command line to 'False'
[6.011s] Level 5:colcon.colcon_core.verb:set package 'clearpath_nav2_demos' build argument 'cmake_clean_cache' from command line to 'False'
[6.011s] Level 5:colcon.colcon_core.verb:set package 'clearpath_nav2_demos' build argument 'cmake_clean_first' from command line to 'False'
[6.011s] Level 5:colcon.colcon_core.verb:set package 'clearpath_nav2_demos' build argument 'cmake_force_configure' from command line to 'False'
[6.011s] Level 5:colcon.colcon_core.verb:set package 'clearpath_nav2_demos' build argument 'ament_cmake_args' from command line to 'None'
[6.011s] Level 5:colcon.colcon_core.verb:set package 'clearpath_nav2_demos' build argument 'catkin_cmake_args' from command line to 'None'
[6.011s] Level 5:colcon.colcon_core.verb:set package 'clearpath_nav2_demos' build argument 'catkin_skip_building_tests' from command line to 'False'
[6.011s] DEBUG:colcon.colcon_core.verb:Building package 'clearpath_nav2_demos' with the following arguments: {'ament_cmake_args': None, 'build_base': '/home/dsandeshh/clearpath_nav2_demos/src/clearpath_nav2_demos/build/clearpath_nav2_demos', 'catkin_cmake_args': None, 'catkin_skip_building_tests': False, 'cmake_args': ['-DCMAKE_BUILD_TYPE=Debug'], 'cmake_clean_cache': False, 'cmake_clean_first': False, 'cmake_force_configure': False, 'cmake_target': None, 'cmake_target_skip_unavailable': False, 'install_base': '/home/dsandeshh/clearpath_nav2_demos/src/clearpath_nav2_demos/install/clearpath_nav2_demos', 'merge_install': False, 'path': '/home/dsandeshh/clearpath_nav2_demos/src/clearpath_nav2_demos', 'symlink_install': True, 'test_result_base': None}
[6.011s] INFO:colcon.colcon_core.executor:Executing jobs using 'parallel' executor
[6.013s] DEBUG:colcon.colcon_parallel_executor.executor.parallel:run_until_complete
[6.013s] INFO:colcon.colcon_ros.task.ament_cmake.build:Building ROS package in '/home/dsandeshh/clearpath_nav2_demos/src/clearpath_nav2_demos' with build type 'ament_cmake'
[6.013s] INFO:colcon.colcon_cmake.task.cmake.build:Building CMake package in '/home/dsandeshh/clearpath_nav2_demos/src/clearpath_nav2_demos'
[6.069s] INFO:colcon.colcon_core.plugin_system:Skipping extension 'colcon_core.shell.bat': Not used on non-Windows systems
[6.069s] INFO:colcon.colcon_core.shell:Skip shell extension 'powershell' for command environment: Not usable outside of PowerShell
[6.069s] DEBUG:colcon.colcon_core.shell:Skip shell extension 'dsv' for command environment
[6.166s] DEBUG:colcon.colcon_core.event_handler.log_command:Invoking command in '/home/dsandeshh/clearpath_nav2_demos/src/clearpath_nav2_demos/build/clearpath_nav2_demos': CMAKE_PREFIX_PATH=${CMAKE_PREFIX_PATH}:/opt/ros/jazzy /usr/bin/cmake /home/dsandeshh/clearpath_nav2_demos/src/clearpath_nav2_demos -DCMAKE_BUILD_TYPE=Debug -DAMENT_CMAKE_SYMLINK_INSTALL=1 -DCMAKE_INSTALL_PREFIX=/home/dsandeshh/clearpath_nav2_demos/src/clearpath_nav2_demos/install/clearpath_nav2_demos
[31.768s] DEBUG:colcon.colcon_core.event_handler.log_command:Invoked command in '/home/dsandeshh/clearpath_nav2_demos/src/clearpath_nav2_demos/build/clearpath_nav2_demos' returned '0': CMAKE_PREFIX_PATH=${CMAKE_PREFIX_PATH}:/opt/ros/jazzy /usr/bin/cmake /home/dsandeshh/clearpath_nav2_demos/src/clearpath_nav2_demos -DCMAKE_BUILD_TYPE=Debug -DAMENT_CMAKE_SYMLINK_INSTALL=1 -DCMAKE_INSTALL_PREFIX=/home/dsandeshh/clearpath_nav2_demos/src/clearpath_nav2_demos/install/clearpath_nav2_demos
[31.769s] DEBUG:colcon.colcon_core.event_handler.log_command:Invoking command in '/home/dsandeshh/clearpath_nav2_demos/src/clearpath_nav2_demos/build/clearpath_nav2_demos': CMAKE_PREFIX_PATH=${CMAKE_PREFIX_PATH}:/opt/ros/jazzy /usr/bin/cmake --build /home/dsandeshh/clearpath_nav2_demos/src/clearpath_nav2_demos/build/clearpath_nav2_demos -- -j8 -l8
[31.843s] DEBUG:colcon.colcon_core.event_handler.log_command:Invoked command in '/home/dsandeshh/clearpath_nav2_demos/src/clearpath_nav2_demos/build/clearpath_nav2_demos' returned '0': CMAKE_PREFIX_PATH=${CMAKE_PREFIX_PATH}:/opt/ros/jazzy /usr/bin/cmake --build /home/dsandeshh/clearpath_nav2_demos/src/clearpath_nav2_demos/build/clearpath_nav2_demos -- -j8 -l8
[31.859s] DEBUG:colcon.colcon_core.event_handler.log_command:Invoking command in '/home/dsandeshh/clearpath_nav2_demos/src/clearpath_nav2_demos/build/clearpath_nav2_demos': CMAKE_PREFIX_PATH=${CMAKE_PREFIX_PATH}:/opt/ros/jazzy /usr/bin/cmake --install /home/dsandeshh/clearpath_nav2_demos/src/clearpath_nav2_demos/build/clearpath_nav2_demos
[32.814s] Level 1:colcon.colcon_core.environment:create_environment_scripts_only(clearpath_nav2_demos)
[32.815s] DEBUG:colcon.colcon_core.event_handler.log_command:Invoked command in '/home/dsandeshh/clearpath_nav2_demos/src/clearpath_nav2_demos/build/clearpath_nav2_demos' returned '0': CMAKE_PREFIX_PATH=${CMAKE_PREFIX_PATH}:/opt/ros/jazzy /usr/bin/cmake --install /home/dsandeshh/clearpath_nav2_demos/src/clearpath_nav2_demos/build/clearpath_nav2_demos
[32.961s] Level 1:colcon.colcon_core.environment:checking '/home/dsandeshh/clearpath_nav2_demos/src/clearpath_nav2_demos/install/clearpath_nav2_demos' for CMake module files
[32.961s] Level 1:colcon.colcon_core.environment:checking '/home/dsandeshh/clearpath_nav2_demos/src/clearpath_nav2_demos/install/clearpath_nav2_demos' for CMake config files
[32.962s] Level 1:colcon.colcon_core.shell:create_environment_hook('clearpath_nav2_demos', 'cmake_prefix_path')
[32.962s] INFO:colcon.colcon_core.shell:Creating environment hook '/home/dsandeshh/clearpath_nav2_demos/src/clearpath_nav2_demos/install/clearpath_nav2_demos/share/clearpath_nav2_demos/hook/cmake_prefix_path.ps1'
[32.992s] INFO:colcon.colcon_core.shell:Creating environment descriptor '/home/dsandeshh/clearpath_nav2_demos/src/clearpath_nav2_demos/install/clearpath_nav2_demos/share/clearpath_nav2_demos/hook/cmake_prefix_path.dsv'
[33.023s] INFO:colcon.colcon_core.shell:Creating environment hook '/home/dsandeshh/clearpath_nav2_demos/src/clearpath_nav2_demos/install/clearpath_nav2_demos/share/clearpath_nav2_demos/hook/cmake_prefix_path.sh'
[33.025s] Level 1:colcon.colcon_core.environment:checking '/home/dsandeshh/clearpath_nav2_demos/src/clearpath_nav2_demos/install/clearpath_nav2_demos/bin'
[33.025s] Level 1:colcon.colcon_core.environment:checking '/home/dsandeshh/clearpath_nav2_demos/src/clearpath_nav2_demos/install/clearpath_nav2_demos/lib/pkgconfig/clearpath_nav2_demos.pc'
[33.025s] Level 1:colcon.colcon_core.environment:checking '/home/dsandeshh/clearpath_nav2_demos/src/clearpath_nav2_demos/install/clearpath_nav2_demos/lib/python3.12/site-packages'
[33.026s] Level 1:colcon.colcon_core.environment:checking '/home/dsandeshh/clearpath_nav2_demos/src/clearpath_nav2_demos/install/clearpath_nav2_demos/bin'
[33.027s] INFO:colcon.colcon_core.shell:Creating package script '/home/dsandeshh/clearpath_nav2_demos/src/clearpath_nav2_demos/install/clearpath_nav2_demos/share/clearpath_nav2_demos/package.ps1'
[33.038s] INFO:colcon.colcon_core.shell:Creating package descriptor '/home/dsandeshh/clearpath_nav2_demos/src/clearpath_nav2_demos/install/clearpath_nav2_demos/share/clearpath_nav2_demos/package.dsv'
[33.040s] INFO:colcon.colcon_core.shell:Creating package script '/home/dsandeshh/clearpath_nav2_demos/src/clearpath_nav2_demos/install/clearpath_nav2_demos/share/clearpath_nav2_demos/package.sh'
[33.041s] INFO:colcon.colcon_core.shell:Creating package script '/home/dsandeshh/clearpath_nav2_demos/src/clearpath_nav2_demos/install/clearpath_nav2_demos/share/clearpath_nav2_demos/package.bash'
[33.079s] INFO:colcon.colcon_core.shell:Creating package script '/home/dsandeshh/clearpath_nav2_demos/src/clearpath_nav2_demos/install/clearpath_nav2_demos/share/clearpath_nav2_demos/package.zsh'
[33.129s] Level 1:colcon.colcon_core.environment:create_file_with_runtime_dependencies(/home/dsandeshh/clearpath_nav2_demos/src/clearpath_nav2_demos/install/clearpath_nav2_demos/share/colcon-core/packages/clearpath_nav2_demos)
[33.130s] Level 1:colcon.colcon_core.environment:create_environment_scripts_only(clearpath_nav2_demos)
[33.130s] Level 1:colcon.colcon_core.environment:checking '/home/dsandeshh/clearpath_nav2_demos/src/clearpath_nav2_demos/install/clearpath_nav2_demos' for CMake module files
[33.131s] Level 1:colcon.colcon_core.environment:checking '/home/dsandeshh/clearpath_nav2_demos/src/clearpath_nav2_demos/install/clearpath_nav2_demos' for CMake config files
[33.132s] Level 1:colcon.colcon_core.shell:create_environment_hook('clearpath_nav2_demos', 'cmake_prefix_path')
[33.132s] INFO:colcon.colcon_core.shell:Creating environment hook '/home/dsandeshh/clearpath_nav2_demos/src/clearpath_nav2_demos/install/clearpath_nav2_demos/share/clearpath_nav2_demos/hook/cmake_prefix_path.ps1'
[33.132s] INFO:colcon.colcon_core.shell:Creating environment descriptor '/home/dsandeshh/clearpath_nav2_demos/src/clearpath_nav2_demos/install/clearpath_nav2_demos/share/clearpath_nav2_demos/hook/cmake_prefix_path.dsv'
[33.133s] INFO:colcon.colcon_core.shell:Creating environment hook '/home/dsandeshh/clearpath_nav2_demos/src/clearpath_nav2_demos/install/clearpath_nav2_demos/share/clearpath_nav2_demos/hook/cmake_prefix_path.sh'
[33.133s] Level 1:colcon.colcon_core.environment:checking '/home/dsandeshh/clearpath_nav2_demos/src/clearpath_nav2_demos/install/clearpath_nav2_demos/bin'
[33.134s] Level 1:colcon.colcon_core.environment:checking '/home/dsandeshh/clearpath_nav2_demos/src/clearpath_nav2_demos/install/clearpath_nav2_demos/lib/pkgconfig/clearpath_nav2_demos.pc'
[33.134s] Level 1:colcon.colcon_core.environment:checking '/home/dsandeshh/clearpath_nav2_demos/src/clearpath_nav2_demos/install/clearpath_nav2_demos/lib/python3.12/site-packages'
[33.134s] Level 1:colcon.colcon_core.environment:checking '/home/dsandeshh/clearpath_nav2_demos/src/clearpath_nav2_demos/install/clearpath_nav2_demos/bin'
[33.135s] INFO:colcon.colcon_core.shell:Creating package script '/home/dsandeshh/clearpath_nav2_demos/src/clearpath_nav2_demos/install/clearpath_nav2_demos/share/clearpath_nav2_demos/package.ps1'
[33.135s] INFO:colcon.colcon_core.shell:Creating package descriptor '/home/dsandeshh/clearpath_nav2_demos/src/clearpath_nav2_demos/install/clearpath_nav2_demos/share/clearpath_nav2_demos/package.dsv'
[33.136s] INFO:colcon.colcon_core.shell:Creating package script '/home/dsandeshh/clearpath_nav2_demos/src/clearpath_nav2_demos/install/clearpath_nav2_demos/share/clearpath_nav2_demos/package.sh'
[33.136s] INFO:colcon.colcon_core.shell:Creating package script '/home/dsandeshh/clearpath_nav2_demos/src/clearpath_nav2_demos/install/clearpath_nav2_demos/share/clearpath_nav2_demos/package.bash'
[33.137s] INFO:colcon.colcon_core.shell:Creating package script '/home/dsandeshh/clearpath_nav2_demos/src/clearpath_nav2_demos/install/clearpath_nav2_demos/share/clearpath_nav2_demos/package.zsh'
[33.137s] Level 1:colcon.colcon_core.environment:create_file_with_runtime_dependencies(/home/dsandeshh/clearpath_nav2_demos/src/clearpath_nav2_demos/install/clearpath_nav2_demos/share/colcon-core/packages/clearpath_nav2_demos)
[33.137s] DEBUG:colcon.colcon_parallel_executor.executor.parallel:closing loop
[33.138s] DEBUG:colcon.colcon_parallel_executor.executor.parallel:loop closed
[33.139s] DEBUG:colcon.colcon_parallel_executor.executor.parallel:run_until_complete finished with '0'
[33.139s] DEBUG:colcon.colcon_core.event_reactor:joining thread
[33.437s] INFO:colcon.colcon_core.plugin_system:Skipping extension 'colcon_notification.desktop_notification.notify_send': Could not find 'notify-send'
[33.437s] INFO:colcon.colcon_core.plugin_system:Skipping extension 'colcon_notification.desktop_notification.terminal_notifier': Not used on non-Darwin systems
[33.437s] INFO:colcon.colcon_core.plugin_system:Skipping extension 'colcon_notification.desktop_notification.win32': Not used on non-Windows systems
[33.437s] INFO:colcon.colcon_notification.desktop_notification:Sending desktop notification using 'notify2'
[33.438s] DEBUG:colcon.colcon_notification.desktop_notification.notify2:Failed to initialize notify2: org.freedesktop.DBus.Error.ServiceUnknown: The name org.freedesktop.Notifications was not provided by any .service files
[33.439s] DEBUG:colcon.colcon_core.event_reactor:joined thread
[33.439s] INFO:colcon.colcon_core.shell:Creating prefix script '/home/dsandeshh/clearpath_nav2_demos/src/clearpath_nav2_demos/install/local_setup.ps1'
[33.440s] INFO:colcon.colcon_core.shell:Creating prefix util module '/home/dsandeshh/clearpath_nav2_demos/src/clearpath_nav2_demos/install/_local_setup_util_ps1.py'
[33.442s] INFO:colcon.colcon_core.shell:Creating prefix chain script '/home/dsandeshh/clearpath_nav2_demos/src/clearpath_nav2_demos/install/setup.ps1'
[33.454s] INFO:colcon.colcon_core.shell:Creating prefix script '/home/dsandeshh/clearpath_nav2_demos/src/clearpath_nav2_demos/install/local_setup.sh'
[33.466s] INFO:colcon.colcon_core.shell:Creating prefix util module '/home/dsandeshh/clearpath_nav2_demos/src/clearpath_nav2_demos/install/_local_setup_util_sh.py'
[33.467s] INFO:colcon.colcon_core.shell:Creating prefix chain script '/home/dsandeshh/clearpath_nav2_demos/src/clearpath_nav2_demos/install/setup.sh'
[33.479s] INFO:colcon.colcon_core.shell:Creating prefix script '/home/dsandeshh/clearpath_nav2_demos/src/clearpath_nav2_demos/install/local_setup.bash'
[33.490s] INFO:colcon.colcon_core.shell:Creating prefix chain script '/home/dsandeshh/clearpath_nav2_demos/src/clearpath_nav2_demos/install/setup.bash'
[33.505s] INFO:colcon.colcon_core.shell:Creating prefix script '/home/dsandeshh/clearpath_nav2_demos/src/clearpath_nav2_demos/install/local_setup.zsh'
[33.519s] INFO:colcon.colcon_core.shell:Creating prefix chain script '/home/dsandeshh/clearpath_nav2_demos/src/clearpath_nav2_demos/install/setup.zsh'
